D:\python_project\ µ—È∞Ê5\FDEdge-main\gmorl_sla_fd\frac_agent.py:263: FutureWarning: You are using `torch.load` with `weights_only=False` (the current default value), which uses the default pickle module implicitly. It is possible to construct malicious pickle data which will execute arbitrary code during unpickling (See https://github.com/pytorch/pytorch/blob/main/SECURITY.md#untrusted-models for more details). In a future release, the default value for `weights_only` will be flipped to `True`. This limits the functions that could be executed during unpickling. Arbitrary objects will no longer be allowed to be loaded via this mode unless they are explicitly allowlisted by the user via `torch.serialization.add_safe_globals`. We recommend you start setting `weights_only=True` for any use case where you don't have full control of the loaded file. Please open an issue on GitHub for any issues related to this experimental feature.
  sd = torch.load(os.path.join(path, 'actor.pt'), map_location=self.dev)
[meta] 2 tag env=dyn ‰∏ÄËá¥: dt=6.0 e_f=0.2 idle=0.4 deadline=14.0 horizon=30
[deadline_eval] Ë¶ÜÁõñ deadline -> 20.0 (ÂçïÂä®‰ΩúÂè™ÊîπÂèØË°åÊÄßÊ†áÊ≥®)

=== dyn2_diff14 (diffusion) Êâ´ œâ ===
  w=0.00 | delay=15.08 energy=0.6709 viol=0.127 p95=23.18 
  w=0.10 | delay=14.79 energy=0.6737 viol=0.113 p95=23.23 
  w=0.20 | delay=14.46 energy=0.6747 viol=0.103 p95=22.60 
  w=0.30 | delay=13.87 energy=0.6770 viol=0.073 p95=20.95 (feas)
  w=0.40 | delay=13.59 energy=0.6789 viol=0.073 p95=20.81 (feas)
  w=0.50 | delay=13.11 energy=0.6899 viol=0.053 p95=20.09 (feas)
  w=0.60 | delay=12.52 energy=0.7089 viol=0.037 p95=18.80 (feas)
  w=0.70 | delay=11.97 energy=0.7334 viol=0.023 p95=18.22 (feas)
  w=0.80 | delay=11.48 energy=0.7582 viol=0.020 p95=17.03 (feas)
  w=0.90 | delay=11.07 energy=0.7871 viol=0.020 p95=15.96 (feas)
  w=1.00 | delay=10.86 energy=0.8173 viol=0.010 p95=15.61 (feas)

=== dyn2_gauss14 (mlp) Êâ´ œâ ===
  w=0.00 | delay=19.33 energy=0.7275 viol=0.417 p95=30.29 
  w=0.10 | delay=18.48 energy=0.7279 viol=0.370 p95=29.49 
  w=0.20 | delay=17.94 energy=0.7305 viol=0.330 p95=28.97 
  w=0.30 | delay=17.33 energy=0.7340 viol=0.290 p95=28.12 
  w=0.40 | delay=16.47 energy=0.7385 viol=0.237 p95=26.81 
  w=0.50 | delay=15.92 energy=0.7405 viol=0.213 p95=25.38 
  w=0.60 | delay=15.51 energy=0.7495 viol=0.190 p95=24.94 
  w=0.70 | delay=14.76 energy=0.7590 viol=0.140 p95=23.52 
  w=0.80 | delay=14.36 energy=0.7650 viol=0.113 p95=22.36 
  w=0.90 | delay=14.16 energy=0.7746 viol=0.103 p95=21.85 
  w=1.00 | delay=14.01 energy=0.7850 viol=0.080 p95=21.43 (feas)
D:\python_project\ µ—È∞Ê5\FDEdge-main\gmorl_sla_fd\eval_frac.py:309: UserWarning: Glyph 36830 (\N{CJK UNIFIED IDEOGRAPH-8FDE}) missing from current font.
  ax.legend(fontsize=8); ax.grid(alpha=0.3); fig.tight_layout()
D:\python_project\ µ—È∞Ê5\FDEdge-main\gmorl_sla_fd\eval_frac.py:309: UserWarning: Glyph 32493 (\N{CJK UNIFIED IDEOGRAPH-7EED}) missing from current font.
  ax.legend(fontsize=8); ax.grid(alpha=0.3); fig.tight_layout()
D:\python_project\ µ—È∞Ê5\FDEdge-main\gmorl_sla_fd\eval_frac.py:309: UserWarning: Glyph 20998 (\N{CJK UNIFIED IDEOGRAPH-5206}) missing from current font.
  ax.legend(fontsize=8); ax.grid(alpha=0.3); fig.tight_layout()
D:\python_project\ µ—È∞Ê5\FDEdge-main\gmorl_sla_fd\eval_frac.py:309: UserWarning: Glyph 25968 (\N{CJK UNIFIED IDEOGRAPH-6570}) missing from current font.
  ax.legend(fontsize=8); ax.grid(alpha=0.3); fig.tight_layout()
D:\python_project\ µ—È∞Ê5\FDEdge-main\gmorl_sla_fd\eval_frac.py:309: UserWarning: Glyph 21368 (\N{CJK UNIFIED IDEOGRAPH-5378}) missing from current font.
  ax.legend(fontsize=8); ax.grid(alpha=0.3); fig.tight_layout()
D:\python_project\ µ—È∞Ê5\FDEdge-main\gmorl_sla_fd\eval_frac.py:309: UserWarning: Glyph 36733 (\N{CJK UNIFIED IDEOGRAPH-8F7D}) missing from current font.
  ax.legend(fontsize=8); ax.grid(alpha=0.3); fig.tight_layout()
D:\python_project\ µ—È∞Ê5\FDEdge-main\gmorl_sla_fd\eval_frac.py:309: UserWarning: Glyph 25193 (\N{CJK UNIFIED IDEOGRAPH-6269}) missing from current font.
  ax.legend(fontsize=8); ax.grid(alpha=0.3); fig.tight_layout()
D:\python_project\ µ—È∞Ê5\FDEdge-main\gmorl_sla_fd\eval_frac.py:309: UserWarning: Glyph 25955 (\N{CJK UNIFIED IDEOGRAPH-6563}) missing from current font.
  ax.legend(fontsize=8); ax.grid(alpha=0.3); fig.tight_layout()
D:\python_project\ µ—È∞Ê5\FDEdge-main\gmorl_sla_fd\eval_frac.py:309: UserWarning: Glyph 39640 (\N{CJK UNIFIED IDEOGRAPH-9AD8}) missing from current font.
  ax.legend(fontsize=8); ax.grid(alpha=0.3); fig.tight_layout()
D:\python_project\ µ—È∞Ê5\FDEdge-main\gmorl_sla_fd\eval_frac.py:309: UserWarning: Glyph 26031 (\N{CJK UNIFIED IDEOGRAPH-65AF}) missing from current font.
  ax.legend(fontsize=8); ax.grid(alpha=0.3); fig.tight_layout()
D:\python_project\ µ—È∞Ê5\FDEdge-main\gmorl_sla_fd\eval_frac.py:309: UserWarning: Glyph 23454 (\N{CJK UNIFIED IDEOGRAPH-5B9E}) missing from current font.
  ax.legend(fontsize=8); ax.grid(alpha=0.3); fig.tight_layout()
D:\python_project\ µ—È∞Ê5\FDEdge-main\gmorl_sla_fd\eval_frac.py:309: UserWarning: Glyph 24515 (\N{CJK UNIFIED IDEOGRAPH-5FC3}) missing from current font.
  ax.legend(fontsize=8); ax.grid(alpha=0.3); fig.tight_layout()
D:\python_project\ µ—È∞Ê5\FDEdge-main\gmorl_sla_fd\eval_frac.py:309: UserWarning: Glyph 21487 (\N{CJK UNIFIED IDEOGRAPH-53EF}) missing from current font.
  ax.legend(fontsize=8); ax.grid(alpha=0.3); fig.tight_layout()
D:\python_project\ µ—È∞Ê5\FDEdge-main\gmorl_sla_fd\eval_frac.py:309: UserWarning: Glyph 34892 (\N{CJK UNIFIED IDEOGRAPH-884C}) missing from current font.
  ax.legend(fontsize=8); ax.grid(alpha=0.3); fig.tight_layout()
D:\python_project\ µ—È∞Ê5\FDEdge-main\gmorl_sla_fd\eval_frac.py:309: UserWarning: Glyph 37325 (\N{CJK UNIFIED IDEOGRAPH-91CD}) missing from current font.
  ax.legend(fontsize=8); ax.grid(alpha=0.3); fig.tight_layout()
D:\python_project\ µ—È∞Ê5\FDEdge-main\gmorl_sla_fd\eval_frac.py:309: UserWarning: Glyph 28857 (\N{CJK UNIFIED IDEOGRAPH-70B9}) missing from current font.
  ax.legend(fontsize=8); ax.grid(alpha=0.3); fig.tight_layout()
D:\python_project\ µ—È∞Ê5\FDEdge-main\gmorl_sla_fd\eval_frac.py:309: UserWarning: Glyph 30475 (\N{CJK UNIFIED IDEOGRAPH-770B}) missing from current font.
  ax.legend(fontsize=8); ax.grid(alpha=0.3); fig.tight_layout()
D:\python_project\ µ—È∞Ê5\FDEdge-main\gmorl_sla_fd\eval_frac.py:309: UserWarning: Glyph 20302 (\N{CJK UNIFIED IDEOGRAPH-4F4E}) missing from current font.
  ax.legend(fontsize=8); ax.grid(alpha=0.3); fig.tight_layout()
D:\python_project\ µ—È∞Ê5\FDEdge-main\gmorl_sla_fd\eval_frac.py:309: UserWarning: Glyph 33021 (\N{CJK UNIFIED IDEOGRAPH-80FD}) missing from current font.
  ax.legend(fontsize=8); ax.grid(alpha=0.3); fig.tight_layout()
D:\python_project\ µ—È∞Ê5\FDEdge-main\gmorl_sla_fd\eval_frac.py:309: UserWarning: Glyph 32791 (\N{CJK UNIFIED IDEOGRAPH-8017}) missing from current font.
  ax.legend(fontsize=8); ax.grid(alpha=0.3); fig.tight_layout()
D:\python_project\ µ—È∞Ê5\FDEdge-main\gmorl_sla_fd\eval_frac.py:309: UserWarning: Glyph 35282 (\N{CJK UNIFIED IDEOGRAPH-89D2}) missing from current font.
  ax.legend(fontsize=8); ax.grid(alpha=0.3); fig.tight_layout()
D:\python_project\ µ—È∞Ê5\FDEdge-main\gmorl_sla_fd\eval_frac.py:309: UserWarning: Glyph 21491 (\N{CJK UNIFIED IDEOGRAPH-53F3}) missing from current font.
  ax.legend(fontsize=8); ax.grid(alpha=0.3); fig.tight_layout()
D:\python_project\ µ—È∞Ê5\FDEdge-main\gmorl_sla_fd\eval_frac.py:309: UserWarning: Glyph 19979 (\N{CJK UNIFIED IDEOGRAPH-4E0B}) missing from current font.
  ax.legend(fontsize=8); ax.grid(alpha=0.3); fig.tight_layout()
D:\python_project\ µ—È∞Ê5\FDEdge-main\gmorl_sla_fd\eval_frac.py:309: UserWarning: Glyph 35841 (\N{CJK UNIFIED IDEOGRAPH-8C01}) missing from current font.
  ax.legend(fontsize=8); ax.grid(alpha=0.3); fig.tight_layout()
D:\python_project\ µ—È∞Ê5\FDEdge-main\gmorl_sla_fd\eval_frac.py:309: UserWarning: Glyph 25903 (\N{CJK UNIFIED IDEOGRAPH-652F}) missing from current font.
  ax.legend(fontsize=8); ax.grid(alpha=0.3); fig.tight_layout()
D:\python_project\ µ—È∞Ê5\FDEdge-main\gmorl_sla_fd\eval_frac.py:309: UserWarning: Glyph 37197 (\N{CJK UNIFIED IDEOGRAPH-914D}) missing from current font.
  ax.legend(fontsize=8); ax.grid(alpha=0.3); fig.tight_layout()
D:\python_project\ µ—È∞Ê5\FDEdge-main\gmorl_sla_fd\eval_frac.py:312: UserWarning: Glyph 36830 (\N{CJK UNIFIED IDEOGRAPH-8FDE}) missing from current font.
  fig.savefig(png, dpi=130)
D:\python_project\ µ—È∞Ê5\FDEdge-main\gmorl_sla_fd\eval_frac.py:312: UserWarning: Glyph 32493 (\N{CJK UNIFIED IDEOGRAPH-7EED}) missing from current font.
  fig.savefig(png, dpi=130)
D:\python_project\ µ—È∞Ê5\FDEdge-main\gmorl_sla_fd\eval_frac.py:312: UserWarning: Glyph 20998 (\N{CJK UNIFIED IDEOGRAPH-5206}) missing from current font.
  fig.savefig(png, dpi=130)
D:\python_project\ µ—È∞Ê5\FDEdge-main\gmorl_sla_fd\eval_frac.py:312: UserWarning: Glyph 25968 (\N{CJK UNIFIED IDEOGRAPH-6570}) missing from current font.
  fig.savefig(png, dpi=130)
D:\python_project\ µ—È∞Ê5\FDEdge-main\gmorl_sla_fd\eval_frac.py:312: UserWarning: Glyph 21368 (\N{CJK UNIFIED IDEOGRAPH-5378}) missing from current font.
  fig.savefig(png, dpi=130)
D:\python_project\ µ—È∞Ê5\FDEdge-main\gmorl_sla_fd\eval_frac.py:312: UserWarning: Glyph 36733 (\N{CJK UNIFIED IDEOGRAPH-8F7D}) missing from current font.
  fig.savefig(png, dpi=130)
D:\python_project\ µ—È∞Ê5\FDEdge-main\gmorl_sla_fd\eval_frac.py:312: UserWarning: Glyph 25193 (\N{CJK UNIFIED IDEOGRAPH-6269}) missing from current font.
  fig.savefig(png, dpi=130)
D:\python_project\ µ—È∞Ê5\FDEdge-main\gmorl_sla_fd\eval_frac.py:312: UserWarning: Glyph 25955 (\N{CJK UNIFIED IDEOGRAPH-6563}) missing from current font.
  fig.savefig(png, dpi=130)
D:\python_project\ µ—È∞Ê5\FDEdge-main\gmorl_sla_fd\eval_frac.py:312: UserWarning: Glyph 39640 (\N{CJK UNIFIED IDEOGRAPH-9AD8}) missing from current font.
  fig.savefig(png, dpi=130)
D:\python_project\ µ—È∞Ê5\FDEdge-main\gmorl_sla_fd\eval_frac.py:312: UserWarning: Glyph 26031 (\N{CJK UNIFIED IDEOGRAPH-65AF}) missing from current font.
  fig.savefig(png, dpi=130)
D:\python_project\ µ—È∞Ê5\FDEdge-main\gmorl_sla_fd\eval_frac.py:312: UserWarning: Glyph 23454 (\N{CJK UNIFIED IDEOGRAPH-5B9E}) missing from current font.
  fig.savefig(png, dpi=130)
D:\python_project\ µ—È∞Ê5\FDEdge-main\gmorl_sla_fd\eval_frac.py:312: UserWarning: Glyph 24515 (\N{CJK UNIFIED IDEOGRAPH-5FC3}) missing from current font.
  fig.savefig(png, dpi=130)
D:\python_project\ µ—È∞Ê5\FDEdge-main\gmorl_sla_fd\eval_frac.py:312: UserWarning: Glyph 21487 (\N{CJK UNIFIED IDEOGRAPH-53EF}) missing from current font.
  fig.savefig(png, dpi=130)
D:\python_project\ µ—È∞Ê5\FDEdge-main\gmorl_sla_fd\eval_frac.py:312: UserWarning: Glyph 34892 (\N{CJK UNIFIED IDEOGRAPH-884C}) missing from current font.
  fig.savefig(png, dpi=130)
D:\python_project\ µ—È∞Ê5\FDEdge-main\gmorl_sla_fd\eval_frac.py:312: UserWarning: Glyph 37325 (\N{CJK UNIFIED IDEOGRAPH-91CD}) missing from current font.
  fig.savefig(png, dpi=130)
D:\python_project\ µ—È∞Ê5\FDEdge-main\gmorl_sla_fd\eval_frac.py:312: UserWarning: Glyph 28857 (\N{CJK UNIFIED IDEOGRAPH-70B9}) missing from current font.
  fig.savefig(png, dpi=130)
D:\python_project\ µ—È∞Ê5\FDEdge-main\gmorl_sla_fd\eval_frac.py:312: UserWarning: Glyph 30475 (\N{CJK UNIFIED IDEOGRAPH-770B}) missing from current font.
  fig.savefig(png, dpi=130)
D:\python_project\ µ—È∞Ê5\FDEdge-main\gmorl_sla_fd\eval_frac.py:312: UserWarning: Glyph 20302 (\N{CJK UNIFIED IDEOGRAPH-4F4E}) missing from current font.
  fig.savefig(png, dpi=130)
D:\python_project\ µ—È∞Ê5\FDEdge-main\gmorl_sla_fd\eval_frac.py:312: UserWarning: Glyph 33021 (\N{CJK UNIFIED IDEOGRAPH-80FD}) missing from current font.
  fig.savefig(png, dpi=130)
D:\python_project\ µ—È∞Ê5\FDEdge-main\gmorl_sla_fd\eval_frac.py:312: UserWarning: Glyph 32791 (\N{CJK UNIFIED IDEOGRAPH-8017}) missing from current font.
  fig.savefig(png, dpi=130)
D:\python_project\ µ—È∞Ê5\FDEdge-main\gmorl_sla_fd\eval_frac.py:312: UserWarning: Glyph 35282 (\N{CJK UNIFIED IDEOGRAPH-89D2}) missing from current font.
  fig.savefig(png, dpi=130)
D:\python_project\ µ—È∞Ê5\FDEdge-main\gmorl_sla_fd\eval_frac.py:312: UserWarning: Glyph 21491 (\N{CJK UNIFIED IDEOGRAPH-53F3}) missing from current font.
  fig.savefig(png, dpi=130)
D:\python_project\ µ—È∞Ê5\FDEdge-main\gmorl_sla_fd\eval_frac.py:312: UserWarning: Glyph 19979 (\N{CJK UNIFIED IDEOGRAPH-4E0B}) missing from current font.
  fig.savefig(png, dpi=130)
D:\python_project\ µ—È∞Ê5\FDEdge-main\gmorl_sla_fd\eval_frac.py:312: UserWarning: Glyph 35841 (\N{CJK UNIFIED IDEOGRAPH-8C01}) missing from current font.
  fig.savefig(png, dpi=130)
D:\python_project\ µ—È∞Ê5\FDEdge-main\gmorl_sla_fd\eval_frac.py:312: UserWarning: Glyph 25903 (\N{CJK UNIFIED IDEOGRAPH-652F}) missing from current font.
  fig.savefig(png, dpi=130)
D:\python_project\ µ—È∞Ê5\FDEdge-main\gmorl_sla_fd\eval_frac.py:312: UserWarning: Glyph 37197 (\N{CJK UNIFIED IDEOGRAPH-914D}) missing from current font.
  fig.savefig(png, dpi=130)

=== baselines ===
  uniform  delay= 9.35 energy=0.9264 viol=0.000 p95=11.86
  random   delay=15.04 energy=0.9794 viol=0.143 p95=24.23

=== HV (ÂÖ¨ÂÖ± ref delay=20.30 energy=1.0284) ===
method           HV   feasHV min_delay   #feas
dyn2_diff14    3.179    3.145     10.86       8
dyn2_gauss14    1.804    1.531     14.01       1
[saved] frac_eval_points.csv / frac_eval_summary.csv / frac_eval_meta.json (in result2/frac\cmp)

[warn] Âõæ‰øùÂ≠òÂ§±Ë¥• ([Errno 22] Invalid argument: 'result2/frac\\cmp\\frac_pareto.png') ‚Äî Â§öÂçäÊòØËØ• PNG Ê≠£Ë¢´ÂõæÁâáÊü•ÁúãÂô®Âç†Áî®„ÄÇÂéüÂßãÊï∞ÊçÆ CSV/JSON Â∑≤‰øùÂ≠ò, ‰∏çÂΩ±ÂìçÁªìÊûú; ÂÖ≥ÊéâÊü•ÁúãÂô®ÈáçË∑ëÊàñÊâãÂä®ÈáçÁªòÂç≥ÂèØ„ÄÇ
