D:\python_project\ µ—È∞Ê5\FDEdge-main\gmorl_sla_fd\frac_agent.py:263: FutureWarning: You are using `torch.load` with `weights_only=False` (the current default value), which uses the default pickle module implicitly. It is possible to construct malicious pickle data which will execute arbitrary code during unpickling (See https://github.com/pytorch/pytorch/blob/main/SECURITY.md#untrusted-models for more details). In a future release, the default value for `weights_only` will be flipped to `True`. This limits the functions that could be executed during unpickling. Arbitrary objects will no longer be allowed to be loaded via this mode unless they are explicitly allowlisted by the user via `torch.serialization.add_safe_globals`. We recommend you start setting `weights_only=True` for any use case where you don't have full control of the loaded file. Please open an issue on GitHub for any issues related to this experimental feature.
  sd = torch.load(os.path.join(path, 'actor.pt'), map_location=self.dev)
[meta] 2 tag env=dyn ‰∏ÄËá¥: dt=6.0 e_f=0.2 idle=0.4 deadline=11.0 horizon=30

=== dyn_diff (diffusion) Êâ´ œâ ===
  w=0.00 | delay=10.91 energy=0.6457 viol=0.357 p95=16.06 
  w=0.10 | delay=10.59 energy=0.6466 viol=0.317 p95=15.60 
  w=0.20 | delay=10.21 energy=0.6496 viol=0.273 p95=14.47 
  w=0.30 | delay= 9.89 energy=0.6544 viol=0.250 p95=13.96 
  w=0.40 | delay= 9.55 energy=0.6596 viol=0.213 p95=13.36 
  w=0.50 | delay= 9.16 energy=0.6680 viol=0.167 p95=12.83 
  w=0.60 | delay= 8.81 energy=0.6829 viol=0.113 p95=12.29 
  w=0.70 | delay= 8.51 energy=0.7004 viol=0.090 p95=11.98 (feas)
  w=0.80 | delay= 8.24 energy=0.7173 viol=0.090 p95=11.61 (feas)
  w=0.90 | delay= 8.05 energy=0.7381 viol=0.067 p95=11.25 (feas)
  w=1.00 | delay= 7.90 energy=0.7604 viol=0.053 p95=10.77 (feas)

=== dyn_gaussA05_s0 (mlp) Êâ´ œâ ===
  w=0.00 | delay=13.02 energy=0.6476 viol=0.657 p95=19.67 
  w=0.10 | delay=12.55 energy=0.6513 viol=0.607 p95=18.81 
  w=0.20 | delay=12.03 energy=0.6558 viol=0.553 p95=18.09 
  w=0.30 | delay=11.54 energy=0.6615 viol=0.510 p95=17.29 
  w=0.40 | delay=10.91 energy=0.6697 viol=0.453 p95=16.32 
  w=0.50 | delay=10.35 energy=0.6811 viol=0.380 p95=15.41 
  w=0.60 | delay= 9.77 energy=0.6950 viol=0.293 p95=14.50 
  w=0.70 | delay= 9.25 energy=0.7090 viol=0.227 p95=13.69 
  w=0.80 | delay= 8.82 energy=0.7231 viol=0.183 p95=12.99 
  w=0.90 | delay= 8.61 energy=0.7405 viol=0.140 p95=12.73 
  w=1.00 | delay= 8.58 energy=0.7594 viol=0.130 p95=12.76 
D:\python_project\ µ—È∞Ê5\FDEdge-main\gmorl_sla_fd\eval_frac.py:303: UserWarning: Glyph 36830 (\N{CJK UNIFIED IDEOGRAPH-8FDE}) missing from current font.
  ax.legend(fontsize=8); ax.grid(alpha=0.3); fig.tight_layout()
D:\python_project\ µ—È∞Ê5\FDEdge-main\gmorl_sla_fd\eval_frac.py:303: UserWarning: Glyph 32493 (\N{CJK UNIFIED IDEOGRAPH-7EED}) missing from current font.
  ax.legend(fontsize=8); ax.grid(alpha=0.3); fig.tight_layout()
D:\python_project\ µ—È∞Ê5\FDEdge-main\gmorl_sla_fd\eval_frac.py:303: UserWarning: Glyph 20998 (\N{CJK UNIFIED IDEOGRAPH-5206}) missing from current font.
  ax.legend(fontsize=8); ax.grid(alpha=0.3); fig.tight_layout()
D:\python_project\ µ—È∞Ê5\FDEdge-main\gmorl_sla_fd\eval_frac.py:303: UserWarning: Glyph 25968 (\N{CJK UNIFIED IDEOGRAPH-6570}) missing from current font.
  ax.legend(fontsize=8); ax.grid(alpha=0.3); fig.tight_layout()
D:\python_project\ µ—È∞Ê5\FDEdge-main\gmorl_sla_fd\eval_frac.py:303: UserWarning: Glyph 21368 (\N{CJK UNIFIED IDEOGRAPH-5378}) missing from current font.
  ax.legend(fontsize=8); ax.grid(alpha=0.3); fig.tight_layout()
D:\python_project\ µ—È∞Ê5\FDEdge-main\gmorl_sla_fd\eval_frac.py:303: UserWarning: Glyph 36733 (\N{CJK UNIFIED IDEOGRAPH-8F7D}) missing from current font.
  ax.legend(fontsize=8); ax.grid(alpha=0.3); fig.tight_layout()
D:\python_project\ µ—È∞Ê5\FDEdge-main\gmorl_sla_fd\eval_frac.py:303: UserWarning: Glyph 25193 (\N{CJK UNIFIED IDEOGRAPH-6269}) missing from current font.
  ax.legend(fontsize=8); ax.grid(alpha=0.3); fig.tight_layout()
D:\python_project\ µ—È∞Ê5\FDEdge-main\gmorl_sla_fd\eval_frac.py:303: UserWarning: Glyph 25955 (\N{CJK UNIFIED IDEOGRAPH-6563}) missing from current font.
  ax.legend(fontsize=8); ax.grid(alpha=0.3); fig.tight_layout()
D:\python_project\ µ—È∞Ê5\FDEdge-main\gmorl_sla_fd\eval_frac.py:303: UserWarning: Glyph 39640 (\N{CJK UNIFIED IDEOGRAPH-9AD8}) missing from current font.
  ax.legend(fontsize=8); ax.grid(alpha=0.3); fig.tight_layout()
D:\python_project\ µ—È∞Ê5\FDEdge-main\gmorl_sla_fd\eval_frac.py:303: UserWarning: Glyph 26031 (\N{CJK UNIFIED IDEOGRAPH-65AF}) missing from current font.
  ax.legend(fontsize=8); ax.grid(alpha=0.3); fig.tight_layout()
D:\python_project\ µ—È∞Ê5\FDEdge-main\gmorl_sla_fd\eval_frac.py:303: UserWarning: Glyph 23454 (\N{CJK UNIFIED IDEOGRAPH-5B9E}) missing from current font.
  ax.legend(fontsize=8); ax.grid(alpha=0.3); fig.tight_layout()
D:\python_project\ µ—È∞Ê5\FDEdge-main\gmorl_sla_fd\eval_frac.py:303: UserWarning: Glyph 24515 (\N{CJK UNIFIED IDEOGRAPH-5FC3}) missing from current font.
  ax.legend(fontsize=8); ax.grid(alpha=0.3); fig.tight_layout()
D:\python_project\ µ—È∞Ê5\FDEdge-main\gmorl_sla_fd\eval_frac.py:303: UserWarning: Glyph 21487 (\N{CJK UNIFIED IDEOGRAPH-53EF}) missing from current font.
  ax.legend(fontsize=8); ax.grid(alpha=0.3); fig.tight_layout()
D:\python_project\ µ—È∞Ê5\FDEdge-main\gmorl_sla_fd\eval_frac.py:303: UserWarning: Glyph 34892 (\N{CJK UNIFIED IDEOGRAPH-884C}) missing from current font.
  ax.legend(fontsize=8); ax.grid(alpha=0.3); fig.tight_layout()
D:\python_project\ µ—È∞Ê5\FDEdge-main\gmorl_sla_fd\eval_frac.py:303: UserWarning: Glyph 37325 (\N{CJK UNIFIED IDEOGRAPH-91CD}) missing from current font.
  ax.legend(fontsize=8); ax.grid(alpha=0.3); fig.tight_layout()
D:\python_project\ µ—È∞Ê5\FDEdge-main\gmorl_sla_fd\eval_frac.py:303: UserWarning: Glyph 28857 (\N{CJK UNIFIED IDEOGRAPH-70B9}) missing from current font.
  ax.legend(fontsize=8); ax.grid(alpha=0.3); fig.tight_layout()
D:\python_project\ µ—È∞Ê5\FDEdge-main\gmorl_sla_fd\eval_frac.py:303: UserWarning: Glyph 30475 (\N{CJK UNIFIED IDEOGRAPH-770B}) missing from current font.
  ax.legend(fontsize=8); ax.grid(alpha=0.3); fig.tight_layout()
D:\python_project\ µ—È∞Ê5\FDEdge-main\gmorl_sla_fd\eval_frac.py:303: UserWarning: Glyph 20302 (\N{CJK UNIFIED IDEOGRAPH-4F4E}) missing from current font.
  ax.legend(fontsize=8); ax.grid(alpha=0.3); fig.tight_layout()
D:\python_project\ µ—È∞Ê5\FDEdge-main\gmorl_sla_fd\eval_frac.py:303: UserWarning: Glyph 33021 (\N{CJK UNIFIED IDEOGRAPH-80FD}) missing from current font.
  ax.legend(fontsize=8); ax.grid(alpha=0.3); fig.tight_layout()
D:\python_project\ µ—È∞Ê5\FDEdge-main\gmorl_sla_fd\eval_frac.py:303: UserWarning: Glyph 32791 (\N{CJK UNIFIED IDEOGRAPH-8017}) missing from current font.
  ax.legend(fontsize=8); ax.grid(alpha=0.3); fig.tight_layout()
D:\python_project\ µ—È∞Ê5\FDEdge-main\gmorl_sla_fd\eval_frac.py:303: UserWarning: Glyph 35282 (\N{CJK UNIFIED IDEOGRAPH-89D2}) missing from current font.
  ax.legend(fontsize=8); ax.grid(alpha=0.3); fig.tight_layout()
D:\python_project\ µ—È∞Ê5\FDEdge-main\gmorl_sla_fd\eval_frac.py:303: UserWarning: Glyph 21491 (\N{CJK UNIFIED IDEOGRAPH-53F3}) missing from current font.
  ax.legend(fontsize=8); ax.grid(alpha=0.3); fig.tight_layout()
D:\python_project\ µ—È∞Ê5\FDEdge-main\gmorl_sla_fd\eval_frac.py:303: UserWarning: Glyph 19979 (\N{CJK UNIFIED IDEOGRAPH-4E0B}) missing from current font.
  ax.legend(fontsize=8); ax.grid(alpha=0.3); fig.tight_layout()
D:\python_project\ µ—È∞Ê5\FDEdge-main\gmorl_sla_fd\eval_frac.py:303: UserWarning: Glyph 35841 (\N{CJK UNIFIED IDEOGRAPH-8C01}) missing from current font.
  ax.legend(fontsize=8); ax.grid(alpha=0.3); fig.tight_layout()
D:\python_project\ µ—È∞Ê5\FDEdge-main\gmorl_sla_fd\eval_frac.py:303: UserWarning: Glyph 25903 (\N{CJK UNIFIED IDEOGRAPH-652F}) missing from current font.
  ax.legend(fontsize=8); ax.grid(alpha=0.3); fig.tight_layout()
D:\python_project\ µ—È∞Ê5\FDEdge-main\gmorl_sla_fd\eval_frac.py:303: UserWarning: Glyph 37197 (\N{CJK UNIFIED IDEOGRAPH-914D}) missing from current font.
  ax.legend(fontsize=8); ax.grid(alpha=0.3); fig.tight_layout()
D:\python_project\ µ—È∞Ê5\FDEdge-main\gmorl_sla_fd\eval_frac.py:306: UserWarning: Glyph 36830 (\N{CJK UNIFIED IDEOGRAPH-8FDE}) missing from current font.
  fig.savefig(png, dpi=130)
D:\python_project\ µ—È∞Ê5\FDEdge-main\gmorl_sla_fd\eval_frac.py:306: UserWarning: Glyph 32493 (\N{CJK UNIFIED IDEOGRAPH-7EED}) missing from current font.
  fig.savefig(png, dpi=130)
D:\python_project\ µ—È∞Ê5\FDEdge-main\gmorl_sla_fd\eval_frac.py:306: UserWarning: Glyph 20998 (\N{CJK UNIFIED IDEOGRAPH-5206}) missing from current font.
  fig.savefig(png, dpi=130)
D:\python_project\ µ—È∞Ê5\FDEdge-main\gmorl_sla_fd\eval_frac.py:306: UserWarning: Glyph 25968 (\N{CJK UNIFIED IDEOGRAPH-6570}) missing from current font.
  fig.savefig(png, dpi=130)
D:\python_project\ µ—È∞Ê5\FDEdge-main\gmorl_sla_fd\eval_frac.py:306: UserWarning: Glyph 21368 (\N{CJK UNIFIED IDEOGRAPH-5378}) missing from current font.
  fig.savefig(png, dpi=130)
D:\python_project\ µ—È∞Ê5\FDEdge-main\gmorl_sla_fd\eval_frac.py:306: UserWarning: Glyph 36733 (\N{CJK UNIFIED IDEOGRAPH-8F7D}) missing from current font.
  fig.savefig(png, dpi=130)
D:\python_project\ µ—È∞Ê5\FDEdge-main\gmorl_sla_fd\eval_frac.py:306: UserWarning: Glyph 25193 (\N{CJK UNIFIED IDEOGRAPH-6269}) missing from current font.
  fig.savefig(png, dpi=130)
D:\python_project\ µ—È∞Ê5\FDEdge-main\gmorl_sla_fd\eval_frac.py:306: UserWarning: Glyph 25955 (\N{CJK UNIFIED IDEOGRAPH-6563}) missing from current font.
  fig.savefig(png, dpi=130)
D:\python_project\ µ—È∞Ê5\FDEdge-main\gmorl_sla_fd\eval_frac.py:306: UserWarning: Glyph 39640 (\N{CJK UNIFIED IDEOGRAPH-9AD8}) missing from current font.
  fig.savefig(png, dpi=130)
D:\python_project\ µ—È∞Ê5\FDEdge-main\gmorl_sla_fd\eval_frac.py:306: UserWarning: Glyph 26031 (\N{CJK UNIFIED IDEOGRAPH-65AF}) missing from current font.
  fig.savefig(png, dpi=130)
D:\python_project\ µ—È∞Ê5\FDEdge-main\gmorl_sla_fd\eval_frac.py:306: UserWarning: Glyph 23454 (\N{CJK UNIFIED IDEOGRAPH-5B9E}) missing from current font.
  fig.savefig(png, dpi=130)
D:\python_project\ µ—È∞Ê5\FDEdge-main\gmorl_sla_fd\eval_frac.py:306: UserWarning: Glyph 24515 (\N{CJK UNIFIED IDEOGRAPH-5FC3}) missing from current font.
  fig.savefig(png, dpi=130)
D:\python_project\ µ—È∞Ê5\FDEdge-main\gmorl_sla_fd\eval_frac.py:306: UserWarning: Glyph 21487 (\N{CJK UNIFIED IDEOGRAPH-53EF}) missing from current font.
  fig.savefig(png, dpi=130)
D:\python_project\ µ—È∞Ê5\FDEdge-main\gmorl_sla_fd\eval_frac.py:306: UserWarning: Glyph 34892 (\N{CJK UNIFIED IDEOGRAPH-884C}) missing from current font.
  fig.savefig(png, dpi=130)
D:\python_project\ µ—È∞Ê5\FDEdge-main\gmorl_sla_fd\eval_frac.py:306: UserWarning: Glyph 37325 (\N{CJK UNIFIED IDEOGRAPH-91CD}) missing from current font.
  fig.savefig(png, dpi=130)
D:\python_project\ µ—È∞Ê5\FDEdge-main\gmorl_sla_fd\eval_frac.py:306: UserWarning: Glyph 28857 (\N{CJK UNIFIED IDEOGRAPH-70B9}) missing from current font.
  fig.savefig(png, dpi=130)
D:\python_project\ µ—È∞Ê5\FDEdge-main\gmorl_sla_fd\eval_frac.py:306: UserWarning: Glyph 30475 (\N{CJK UNIFIED IDEOGRAPH-770B}) missing from current font.
  fig.savefig(png, dpi=130)
D:\python_project\ µ—È∞Ê5\FDEdge-main\gmorl_sla_fd\eval_frac.py:306: UserWarning: Glyph 20302 (\N{CJK UNIFIED IDEOGRAPH-4F4E}) missing from current font.
  fig.savefig(png, dpi=130)
D:\python_project\ µ—È∞Ê5\FDEdge-main\gmorl_sla_fd\eval_frac.py:306: UserWarning: Glyph 33021 (\N{CJK UNIFIED IDEOGRAPH-80FD}) missing from current font.
  fig.savefig(png, dpi=130)
D:\python_project\ µ—È∞Ê5\FDEdge-main\gmorl_sla_fd\eval_frac.py:306: UserWarning: Glyph 32791 (\N{CJK UNIFIED IDEOGRAPH-8017}) missing from current font.
  fig.savefig(png, dpi=130)
D:\python_project\ µ—È∞Ê5\FDEdge-main\gmorl_sla_fd\eval_frac.py:306: UserWarning: Glyph 35282 (\N{CJK UNIFIED IDEOGRAPH-89D2}) missing from current font.
  fig.savefig(png, dpi=130)
D:\python_project\ µ—È∞Ê5\FDEdge-main\gmorl_sla_fd\eval_frac.py:306: UserWarning: Glyph 21491 (\N{CJK UNIFIED IDEOGRAPH-53F3}) missing from current font.
  fig.savefig(png, dpi=130)
D:\python_project\ µ—È∞Ê5\FDEdge-main\gmorl_sla_fd\eval_frac.py:306: UserWarning: Glyph 19979 (\N{CJK UNIFIED IDEOGRAPH-4E0B}) missing from current font.
  fig.savefig(png, dpi=130)
D:\python_project\ µ—È∞Ê5\FDEdge-main\gmorl_sla_fd\eval_frac.py:306: UserWarning: Glyph 35841 (\N{CJK UNIFIED IDEOGRAPH-8C01}) missing from current font.
  fig.savefig(png, dpi=130)
D:\python_project\ µ—È∞Ê5\FDEdge-main\gmorl_sla_fd\eval_frac.py:306: UserWarning: Glyph 25903 (\N{CJK UNIFIED IDEOGRAPH-652F}) missing from current font.
  fig.savefig(png, dpi=130)
D:\python_project\ µ—È∞Ê5\FDEdge-main\gmorl_sla_fd\eval_frac.py:306: UserWarning: Glyph 37197 (\N{CJK UNIFIED IDEOGRAPH-914D}) missing from current font.
  fig.savefig(png, dpi=130)

=== baselines ===
  uniform  delay= 5.17 energy=0.8705 viol=0.007 p95= 7.46
  random   delay=10.76 energy=0.9199 viol=0.367 p95=19.63

=== HV (ÂÖ¨ÂÖ± ref delay=13.67 energy=0.9659) ===
method           HV   feasHV min_delay   #feas
dyn_diff      1.746    1.511      7.90       4
dyn_gaussA05_s0    1.459    0.000      8.58       0
[saved] frac_eval_points.csv / frac_eval_summary.csv / frac_eval_meta.json (in result2/frac\cmp)

[warn] Âõæ‰øùÂ≠òÂ§±Ë¥• ([Errno 22] Invalid argument: 'result2/frac\\cmp\\frac_pareto.png') ‚Äî Â§öÂçäÊòØËØ• PNG Ê≠£Ë¢´ÂõæÁâáÊü•ÁúãÂô®Âç†Áî®„ÄÇÂéüÂßãÊï∞ÊçÆ CSV/JSON Â∑≤‰øùÂ≠ò, ‰∏çÂΩ±ÂìçÁªìÊûú; ÂÖ≥ÊéâÊü•ÁúãÂô®ÈáçË∑ëÊàñÊâãÂä®ÈáçÁªòÂç≥ÂèØ„ÄÇ
