D:\python_project\ µ—È∞Ê5\FDEdge-main\gmorl_sla_fd\frac_agent.py:263: FutureWarning: You are using `torch.load` with `weights_only=False` (the current default value), which uses the default pickle module implicitly. It is possible to construct malicious pickle data which will execute arbitrary code during unpickling (See https://github.com/pytorch/pytorch/blob/main/SECURITY.md#untrusted-models for more details). In a future release, the default value for `weights_only` will be flipped to `True`. This limits the functions that could be executed during unpickling. Arbitrary objects will no longer be allowed to be loaded via this mode unless they are explicitly allowlisted by the user via `torch.serialization.add_safe_globals`. We recommend you start setting `weights_only=True` for any use case where you don't have full control of the loaded file. Please open an issue on GitHub for any issues related to this experimental feature.
  sd = torch.load(os.path.join(path, 'actor.pt'), map_location=self.dev)
[meta] 2 tag env=dyn ‰∏ÄËá¥: dt=6.0 e_f=0.2 idle=0.4 deadline=11.0 horizon=30

=== dyn_diff_s1 (diffusion) Êâ´ œâ ===
  w=0.00 | delay=11.49 energy=0.6117 viol=0.407 p95=18.52 
  w=0.10 | delay=11.21 energy=0.6160 viol=0.383 p95=17.81 
  w=0.20 | delay=10.97 energy=0.6196 viol=0.347 p95=17.04 
  w=0.30 | delay=10.61 energy=0.6236 viol=0.300 p95=15.91 
  w=0.40 | delay=10.17 energy=0.6305 viol=0.290 p95=15.19 
  w=0.50 | delay= 9.80 energy=0.6389 viol=0.260 p95=14.43 
  w=0.60 | delay= 9.33 energy=0.6521 viol=0.207 p95=13.80 
  w=0.70 | delay= 8.81 energy=0.6632 viol=0.157 p95=12.60 
  w=0.80 | delay= 8.54 energy=0.6767 viol=0.117 p95=12.00 
  w=0.90 | delay= 8.25 energy=0.6892 viol=0.067 p95=11.23 (feas)
  w=1.00 | delay= 8.04 energy=0.7040 viol=0.050 p95=10.88 (feas)

=== dyn_gaussA05_s1 (mlp) Êâ´ œâ ===
  w=0.00 | delay=11.98 energy=0.6607 viol=0.447 p95=20.13 
  w=0.10 | delay=11.22 energy=0.6648 viol=0.413 p95=18.51 
  w=0.20 | delay=10.49 energy=0.6702 viol=0.360 p95=16.72 
  w=0.30 | delay= 9.93 energy=0.6764 viol=0.317 p95=15.65 
  w=0.40 | delay= 9.40 energy=0.6840 viol=0.240 p95=14.58 
  w=0.50 | delay= 9.03 energy=0.6922 viol=0.200 p95=13.76 
  w=0.60 | delay= 8.76 energy=0.7005 viol=0.157 p95=13.15 
  w=0.70 | delay= 8.52 energy=0.7083 viol=0.130 p95=12.55 
  w=0.80 | delay= 8.30 energy=0.7170 viol=0.113 p95=12.05 
  w=0.90 | delay= 8.13 energy=0.7257 viol=0.103 p95=11.72 
  w=1.00 | delay= 8.00 energy=0.7360 viol=0.090 p95=11.49 (feas)
D:\python_project\ µ—È∞Ê5\FDEdge-main\gmorl_sla_fd\eval_frac.py:303: UserWarning: Glyph 36830 (\N{CJK UNIFIED IDEOGRAPH-8FDE}) missing from current font.
  ax.legend(fontsize=8); ax.grid(alpha=0.3); fig.tight_layout()
D:\python_project\ µ—È∞Ê5\FDEdge-main\gmorl_sla_fd\eval_frac.py:303: UserWarning: Glyph 32493 (\N{CJK UNIFIED IDEOGRAPH-7EED}) missing from current font.
  ax.legend(fontsize=8); ax.grid(alpha=0.3); fig.tight_layout()
D:\python_project\ µ—È∞Ê5\FDEdge-main\gmorl_sla_fd\eval_frac.py:303: UserWarning: Glyph 20998 (\N{CJK UNIFIED IDEOGRAPH-5206}) missing from current font.
  ax.legend(fontsize=8); ax.grid(alpha=0.3); fig.tight_layout()
D:\python_project\ µ—È∞Ê5\FDEdge-main\gmorl_sla_fd\eval_frac.py:303: UserWarning: Glyph 25968 (\N{CJK UNIFIED IDEOGRAPH-6570}) missing from current font.
  ax.legend(fontsize=8); ax.grid(alpha=0.3); fig.tight_layout()
D:\python_project\ µ—È∞Ê5\FDEdge-main\gmorl_sla_fd\eval_frac.py:303: UserWarning: Glyph 21368 (\N{CJK UNIFIED IDEOGRAPH-5378}) missing from current font.
  ax.legend(fontsize=8); ax.grid(alpha=0.3); fig.tight_layout()
D:\python_project\ µ—È∞Ê5\FDEdge-main\gmorl_sla_fd\eval_frac.py:303: UserWarning: Glyph 36733 (\N{CJK UNIFIED IDEOGRAPH-8F7D}) missing from current font.
  ax.legend(fontsize=8); ax.grid(alpha=0.3); fig.tight_layout()
D:\python_project\ µ—È∞Ê5\FDEdge-main\gmorl_sla_fd\eval_frac.py:303: UserWarning: Glyph 25193 (\N{CJK UNIFIED IDEOGRAPH-6269}) missing from current font.
  ax.legend(fontsize=8); ax.grid(alpha=0.3); fig.tight_layout()
D:\python_project\ µ—È∞Ê5\FDEdge-main\gmorl_sla_fd\eval_frac.py:303: UserWarning: Glyph 25955 (\N{CJK UNIFIED IDEOGRAPH-6563}) missing from current font.
  ax.legend(fontsize=8); ax.grid(alpha=0.3); fig.tight_layout()
D:\python_project\ µ—È∞Ê5\FDEdge-main\gmorl_sla_fd\eval_frac.py:303: UserWarning: Glyph 39640 (\N{CJK UNIFIED IDEOGRAPH-9AD8}) missing from current font.
  ax.legend(fontsize=8); ax.grid(alpha=0.3); fig.tight_layout()
D:\python_project\ µ—È∞Ê5\FDEdge-main\gmorl_sla_fd\eval_frac.py:303: UserWarning: Glyph 26031 (\N{CJK UNIFIED IDEOGRAPH-65AF}) missing from current font.
  ax.legend(fontsize=8); ax.grid(alpha=0.3); fig.tight_layout()
D:\python_project\ µ—È∞Ê5\FDEdge-main\gmorl_sla_fd\eval_frac.py:303: UserWarning: Glyph 23454 (\N{CJK UNIFIED IDEOGRAPH-5B9E}) missing from current font.
  ax.legend(fontsize=8); ax.grid(alpha=0.3); fig.tight_layout()
D:\python_project\ µ—È∞Ê5\FDEdge-main\gmorl_sla_fd\eval_frac.py:303: UserWarning: Glyph 24515 (\N{CJK UNIFIED IDEOGRAPH-5FC3}) missing from current font.
  ax.legend(fontsize=8); ax.grid(alpha=0.3); fig.tight_layout()
D:\python_project\ µ—È∞Ê5\FDEdge-main\gmorl_sla_fd\eval_frac.py:303: UserWarning: Glyph 21487 (\N{CJK UNIFIED IDEOGRAPH-53EF}) missing from current font.
  ax.legend(fontsize=8); ax.grid(alpha=0.3); fig.tight_layout()
D:\python_project\ µ—È∞Ê5\FDEdge-main\gmorl_sla_fd\eval_frac.py:303: UserWarning: Glyph 34892 (\N{CJK UNIFIED IDEOGRAPH-884C}) missing from current font.
  ax.legend(fontsize=8); ax.grid(alpha=0.3); fig.tight_layout()
D:\python_project\ µ—È∞Ê5\FDEdge-main\gmorl_sla_fd\eval_frac.py:303: UserWarning: Glyph 37325 (\N{CJK UNIFIED IDEOGRAPH-91CD}) missing from current font.
  ax.legend(fontsize=8); ax.grid(alpha=0.3); fig.tight_layout()
D:\python_project\ µ—È∞Ê5\FDEdge-main\gmorl_sla_fd\eval_frac.py:303: UserWarning: Glyph 28857 (\N{CJK UNIFIED IDEOGRAPH-70B9}) missing from current font.
  ax.legend(fontsize=8); ax.grid(alpha=0.3); fig.tight_layout()
D:\python_project\ µ—È∞Ê5\FDEdge-main\gmorl_sla_fd\eval_frac.py:303: UserWarning: Glyph 30475 (\N{CJK UNIFIED IDEOGRAPH-770B}) missing from current font.
  ax.legend(fontsize=8); ax.grid(alpha=0.3); fig.tight_layout()
D:\python_project\ µ—È∞Ê5\FDEdge-main\gmorl_sla_fd\eval_frac.py:303: UserWarning: Glyph 20302 (\N{CJK UNIFIED IDEOGRAPH-4F4E}) missing from current font.
  ax.legend(fontsize=8); ax.grid(alpha=0.3); fig.tight_layout()
D:\python_project\ µ—È∞Ê5\FDEdge-main\gmorl_sla_fd\eval_frac.py:303: UserWarning: Glyph 33021 (\N{CJK UNIFIED IDEOGRAPH-80FD}) missing from current font.
  ax.legend(fontsize=8); ax.grid(alpha=0.3); fig.tight_layout()
D:\python_project\ µ—È∞Ê5\FDEdge-main\gmorl_sla_fd\eval_frac.py:303: UserWarning: Glyph 32791 (\N{CJK UNIFIED IDEOGRAPH-8017}) missing from current font.
  ax.legend(fontsize=8); ax.grid(alpha=0.3); fig.tight_layout()
D:\python_project\ µ—È∞Ê5\FDEdge-main\gmorl_sla_fd\eval_frac.py:303: UserWarning: Glyph 35282 (\N{CJK UNIFIED IDEOGRAPH-89D2}) missing from current font.
  ax.legend(fontsize=8); ax.grid(alpha=0.3); fig.tight_layout()
D:\python_project\ µ—È∞Ê5\FDEdge-main\gmorl_sla_fd\eval_frac.py:303: UserWarning: Glyph 21491 (\N{CJK UNIFIED IDEOGRAPH-53F3}) missing from current font.
  ax.legend(fontsize=8); ax.grid(alpha=0.3); fig.tight_layout()
D:\python_project\ µ—È∞Ê5\FDEdge-main\gmorl_sla_fd\eval_frac.py:303: UserWarning: Glyph 19979 (\N{CJK UNIFIED IDEOGRAPH-4E0B}) missing from current font.
  ax.legend(fontsize=8); ax.grid(alpha=0.3); fig.tight_layout()
D:\python_project\ µ—È∞Ê5\FDEdge-main\gmorl_sla_fd\eval_frac.py:303: UserWarning: Glyph 35841 (\N{CJK UNIFIED IDEOGRAPH-8C01}) missing from current font.
  ax.legend(fontsize=8); ax.grid(alpha=0.3); fig.tight_layout()
D:\python_project\ µ—È∞Ê5\FDEdge-main\gmorl_sla_fd\eval_frac.py:303: UserWarning: Glyph 25903 (\N{CJK UNIFIED IDEOGRAPH-652F}) missing from current font.
  ax.legend(fontsize=8); ax.grid(alpha=0.3); fig.tight_layout()
D:\python_project\ µ—È∞Ê5\FDEdge-main\gmorl_sla_fd\eval_frac.py:303: UserWarning: Glyph 37197 (\N{CJK UNIFIED IDEOGRAPH-914D}) missing from current font.
  ax.legend(fontsize=8); ax.grid(alpha=0.3); fig.tight_layout()
D:\python_project\ µ—È∞Ê5\FDEdge-main\gmorl_sla_fd\eval_frac.py:306: UserWarning: Glyph 36830 (\N{CJK UNIFIED IDEOGRAPH-8FDE}) missing from current font.
  fig.savefig(png, dpi=130)
D:\python_project\ µ—È∞Ê5\FDEdge-main\gmorl_sla_fd\eval_frac.py:306: UserWarning: Glyph 32493 (\N{CJK UNIFIED IDEOGRAPH-7EED}) missing from current font.
  fig.savefig(png, dpi=130)
D:\python_project\ µ—È∞Ê5\FDEdge-main\gmorl_sla_fd\eval_frac.py:306: UserWarning: Glyph 20998 (\N{CJK UNIFIED IDEOGRAPH-5206}) missing from current font.
  fig.savefig(png, dpi=130)
D:\python_project\ µ—È∞Ê5\FDEdge-main\gmorl_sla_fd\eval_frac.py:306: UserWarning: Glyph 25968 (\N{CJK UNIFIED IDEOGRAPH-6570}) missing from current font.
  fig.savefig(png, dpi=130)
D:\python_project\ µ—È∞Ê5\FDEdge-main\gmorl_sla_fd\eval_frac.py:306: UserWarning: Glyph 21368 (\N{CJK UNIFIED IDEOGRAPH-5378}) missing from current font.
  fig.savefig(png, dpi=130)
D:\python_project\ µ—È∞Ê5\FDEdge-main\gmorl_sla_fd\eval_frac.py:306: UserWarning: Glyph 36733 (\N{CJK UNIFIED IDEOGRAPH-8F7D}) missing from current font.
  fig.savefig(png, dpi=130)
D:\python_project\ µ—È∞Ê5\FDEdge-main\gmorl_sla_fd\eval_frac.py:306: UserWarning: Glyph 25193 (\N{CJK UNIFIED IDEOGRAPH-6269}) missing from current font.
  fig.savefig(png, dpi=130)
D:\python_project\ µ—È∞Ê5\FDEdge-main\gmorl_sla_fd\eval_frac.py:306: UserWarning: Glyph 25955 (\N{CJK UNIFIED IDEOGRAPH-6563}) missing from current font.
  fig.savefig(png, dpi=130)
D:\python_project\ µ—È∞Ê5\FDEdge-main\gmorl_sla_fd\eval_frac.py:306: UserWarning: Glyph 39640 (\N{CJK UNIFIED IDEOGRAPH-9AD8}) missing from current font.
  fig.savefig(png, dpi=130)
D:\python_project\ µ—È∞Ê5\FDEdge-main\gmorl_sla_fd\eval_frac.py:306: UserWarning: Glyph 26031 (\N{CJK UNIFIED IDEOGRAPH-65AF}) missing from current font.
  fig.savefig(png, dpi=130)
D:\python_project\ µ—È∞Ê5\FDEdge-main\gmorl_sla_fd\eval_frac.py:306: UserWarning: Glyph 23454 (\N{CJK UNIFIED IDEOGRAPH-5B9E}) missing from current font.
  fig.savefig(png, dpi=130)
D:\python_project\ µ—È∞Ê5\FDEdge-main\gmorl_sla_fd\eval_frac.py:306: UserWarning: Glyph 24515 (\N{CJK UNIFIED IDEOGRAPH-5FC3}) missing from current font.
  fig.savefig(png, dpi=130)
D:\python_project\ µ—È∞Ê5\FDEdge-main\gmorl_sla_fd\eval_frac.py:306: UserWarning: Glyph 21487 (\N{CJK UNIFIED IDEOGRAPH-53EF}) missing from current font.
  fig.savefig(png, dpi=130)
D:\python_project\ µ—È∞Ê5\FDEdge-main\gmorl_sla_fd\eval_frac.py:306: UserWarning: Glyph 34892 (\N{CJK UNIFIED IDEOGRAPH-884C}) missing from current font.
  fig.savefig(png, dpi=130)
D:\python_project\ µ—È∞Ê5\FDEdge-main\gmorl_sla_fd\eval_frac.py:306: UserWarning: Glyph 37325 (\N{CJK UNIFIED IDEOGRAPH-91CD}) missing from current font.
  fig.savefig(png, dpi=130)
D:\python_project\ µ—È∞Ê5\FDEdge-main\gmorl_sla_fd\eval_frac.py:306: UserWarning: Glyph 28857 (\N{CJK UNIFIED IDEOGRAPH-70B9}) missing from current font.
  fig.savefig(png, dpi=130)
D:\python_project\ µ—È∞Ê5\FDEdge-main\gmorl_sla_fd\eval_frac.py:306: UserWarning: Glyph 30475 (\N{CJK UNIFIED IDEOGRAPH-770B}) missing from current font.
  fig.savefig(png, dpi=130)
D:\python_project\ µ—È∞Ê5\FDEdge-main\gmorl_sla_fd\eval_frac.py:306: UserWarning: Glyph 20302 (\N{CJK UNIFIED IDEOGRAPH-4F4E}) missing from current font.
  fig.savefig(png, dpi=130)
D:\python_project\ µ—È∞Ê5\FDEdge-main\gmorl_sla_fd\eval_frac.py:306: UserWarning: Glyph 33021 (\N{CJK UNIFIED IDEOGRAPH-80FD}) missing from current font.
  fig.savefig(png, dpi=130)
D:\python_project\ µ—È∞Ê5\FDEdge-main\gmorl_sla_fd\eval_frac.py:306: UserWarning: Glyph 32791 (\N{CJK UNIFIED IDEOGRAPH-8017}) missing from current font.
  fig.savefig(png, dpi=130)
D:\python_project\ µ—È∞Ê5\FDEdge-main\gmorl_sla_fd\eval_frac.py:306: UserWarning: Glyph 35282 (\N{CJK UNIFIED IDEOGRAPH-89D2}) missing from current font.
  fig.savefig(png, dpi=130)
D:\python_project\ µ—È∞Ê5\FDEdge-main\gmorl_sla_fd\eval_frac.py:306: UserWarning: Glyph 21491 (\N{CJK UNIFIED IDEOGRAPH-53F3}) missing from current font.
  fig.savefig(png, dpi=130)
D:\python_project\ µ—È∞Ê5\FDEdge-main\gmorl_sla_fd\eval_frac.py:306: UserWarning: Glyph 19979 (\N{CJK UNIFIED IDEOGRAPH-4E0B}) missing from current font.
  fig.savefig(png, dpi=130)
D:\python_project\ µ—È∞Ê5\FDEdge-main\gmorl_sla_fd\eval_frac.py:306: UserWarning: Glyph 35841 (\N{CJK UNIFIED IDEOGRAPH-8C01}) missing from current font.
  fig.savefig(png, dpi=130)
D:\python_project\ µ—È∞Ê5\FDEdge-main\gmorl_sla_fd\eval_frac.py:306: UserWarning: Glyph 25903 (\N{CJK UNIFIED IDEOGRAPH-652F}) missing from current font.
  fig.savefig(png, dpi=130)
D:\python_project\ µ—È∞Ê5\FDEdge-main\gmorl_sla_fd\eval_frac.py:306: UserWarning: Glyph 37197 (\N{CJK UNIFIED IDEOGRAPH-914D}) missing from current font.
  fig.savefig(png, dpi=130)

=== baselines ===
  uniform  delay= 5.17 energy=0.8705 viol=0.007 p95= 7.46
  random   delay=10.76 energy=0.9199 viol=0.367 p95=19.63

=== HV (ÂÖ¨ÂÖ± ref delay=12.58 energy=0.9659) ===
method           HV   feasHV min_delay   #feas
dyn_diff_s1    1.476    1.252      8.04       2
dyn_gaussA05_s1    1.299    1.053      8.00       1
[saved] frac_eval_points.csv / frac_eval_summary.csv / frac_eval_meta.json (in result2/frac\cmp)

[warn] Âõæ‰øùÂ≠òÂ§±Ë¥• ([Errno 22] Invalid argument: 'result2/frac\\cmp\\frac_pareto.png') ‚Äî Â§öÂçäÊòØËØ• PNG Ê≠£Ë¢´ÂõæÁâáÊü•ÁúãÂô®Âç†Áî®„ÄÇÂéüÂßãÊï∞ÊçÆ CSV/JSON Â∑≤‰øùÂ≠ò, ‰∏çÂΩ±ÂìçÁªìÊûú; ÂÖ≥ÊéâÊü•ÁúãÂô®ÈáçË∑ëÊàñÊâãÂä®ÈáçÁªòÂç≥ÂèØ„ÄÇ
