D:\python_project\ µ—È∞Ê5\FDEdge-main\gmorl_sla_fd\frac_agent.py:263: FutureWarning: You are using `torch.load` with `weights_only=False` (the current default value), which uses the default pickle module implicitly. It is possible to construct malicious pickle data which will execute arbitrary code during unpickling (See https://github.com/pytorch/pytorch/blob/main/SECURITY.md#untrusted-models for more details). In a future release, the default value for `weights_only` will be flipped to `True`. This limits the functions that could be executed during unpickling. Arbitrary objects will no longer be allowed to be loaded via this mode unless they are explicitly allowlisted by the user via `torch.serialization.add_safe_globals`. We recommend you start setting `weights_only=True` for any use case where you don't have full control of the loaded file. Please open an issue on GitHub for any issues related to this experimental feature.
  sd = torch.load(os.path.join(path, 'actor.pt'), map_location=self.dev)
[meta] 2 tag env=dyn ‰∏ÄËá¥: dt=6.0 e_f=0.2 idle=0.4 deadline=11.0 horizon=30

=== dyn_diff_s3 (diffusion) Êâ´ œâ ===
  w=0.00 | delay=10.78 energy=0.6378 viol=0.410 p95=15.76 
  w=0.10 | delay=10.54 energy=0.6384 viol=0.383 p95=15.48 
  w=0.20 | delay=10.29 energy=0.6413 viol=0.357 p95=15.21 
  w=0.30 | delay= 9.91 energy=0.6444 viol=0.307 p95=14.58 
  w=0.40 | delay= 9.62 energy=0.6500 viol=0.297 p95=14.13 
  w=0.50 | delay= 9.15 energy=0.6588 viol=0.233 p95=13.38 
  w=0.60 | delay= 8.78 energy=0.6680 viol=0.183 p95=12.85 
  w=0.70 | delay= 8.38 energy=0.6818 viol=0.143 p95=12.35 
  w=0.80 | delay= 8.03 energy=0.6944 viol=0.090 p95=11.66 (feas)
  w=0.90 | delay= 7.70 energy=0.7113 viol=0.073 p95=11.27 (feas)
  w=1.00 | delay= 7.60 energy=0.7277 viol=0.050 p95=10.80 (feas)

=== dyn_gaussA05_s3 (mlp) Êâ´ œâ ===
  w=0.00 | delay=91.67 energy=0.7932 viol=1.000 p95=159.50 
  w=0.10 | delay=91.67 energy=0.7932 viol=1.000 p95=159.50 
  w=0.20 | delay=91.67 energy=0.7932 viol=1.000 p95=159.50 
  w=0.30 | delay=91.67 energy=0.7932 viol=1.000 p95=159.50 
  w=0.40 | delay=91.67 energy=0.7932 viol=1.000 p95=159.50 
  w=0.50 | delay=91.67 energy=0.7932 viol=1.000 p95=159.50 
  w=0.60 | delay=91.67 energy=0.7932 viol=1.000 p95=159.50 
  w=0.70 | delay=91.67 energy=0.7932 viol=1.000 p95=159.50 
  w=0.80 | delay=91.67 energy=0.7932 viol=1.000 p95=159.50 
  w=0.90 | delay=91.67 energy=0.7932 viol=1.000 p95=159.50 
  w=1.00 | delay=91.67 energy=0.7932 viol=1.000 p95=159.50 
D:\python_project\ µ—È∞Ê5\FDEdge-main\gmorl_sla_fd\eval_frac.py:303: UserWarning: Glyph 36830 (\N{CJK UNIFIED IDEOGRAPH-8FDE}) missing from current font.
  ax.legend(fontsize=8); ax.grid(alpha=0.3); fig.tight_layout()
D:\python_project\ µ—È∞Ê5\FDEdge-main\gmorl_sla_fd\eval_frac.py:303: UserWarning: Glyph 32493 (\N{CJK UNIFIED IDEOGRAPH-7EED}) missing from current font.
  ax.legend(fontsize=8); ax.grid(alpha=0.3); fig.tight_layout()
D:\python_project\ µ—È∞Ê5\FDEdge-main\gmorl_sla_fd\eval_frac.py:303: UserWarning: Glyph 20998 (\N{CJK UNIFIED IDEOGRAPH-5206}) missing from current font.
  ax.legend(fontsize=8); ax.grid(alpha=0.3); fig.tight_layout()
D:\python_project\ µ—È∞Ê5\FDEdge-main\gmorl_sla_fd\eval_frac.py:303: UserWarning: Glyph 25968 (\N{CJK UNIFIED IDEOGRAPH-6570}) missing from current font.
  ax.legend(fontsize=8); ax.grid(alpha=0.3); fig.tight_layout()
D:\python_project\ µ—È∞Ê5\FDEdge-main\gmorl_sla_fd\eval_frac.py:303: UserWarning: Glyph 21368 (\N{CJK UNIFIED IDEOGRAPH-5378}) missing from current font.
  ax.legend(fontsize=8); ax.grid(alpha=0.3); fig.tight_layout()
D:\python_project\ µ—È∞Ê5\FDEdge-main\gmorl_sla_fd\eval_frac.py:303: UserWarning: Glyph 36733 (\N{CJK UNIFIED IDEOGRAPH-8F7D}) missing from current font.
  ax.legend(fontsize=8); ax.grid(alpha=0.3); fig.tight_layout()
D:\python_project\ µ—È∞Ê5\FDEdge-main\gmorl_sla_fd\eval_frac.py:303: UserWarning: Glyph 25193 (\N{CJK UNIFIED IDEOGRAPH-6269}) missing from current font.
  ax.legend(fontsize=8); ax.grid(alpha=0.3); fig.tight_layout()
D:\python_project\ µ—È∞Ê5\FDEdge-main\gmorl_sla_fd\eval_frac.py:303: UserWarning: Glyph 25955 (\N{CJK UNIFIED IDEOGRAPH-6563}) missing from current font.
  ax.legend(fontsize=8); ax.grid(alpha=0.3); fig.tight_layout()
D:\python_project\ µ—È∞Ê5\FDEdge-main\gmorl_sla_fd\eval_frac.py:303: UserWarning: Glyph 39640 (\N{CJK UNIFIED IDEOGRAPH-9AD8}) missing from current font.
  ax.legend(fontsize=8); ax.grid(alpha=0.3); fig.tight_layout()
D:\python_project\ µ—È∞Ê5\FDEdge-main\gmorl_sla_fd\eval_frac.py:303: UserWarning: Glyph 26031 (\N{CJK UNIFIED IDEOGRAPH-65AF}) missing from current font.
  ax.legend(fontsize=8); ax.grid(alpha=0.3); fig.tight_layout()
D:\python_project\ µ—È∞Ê5\FDEdge-main\gmorl_sla_fd\eval_frac.py:303: UserWarning: Glyph 23454 (\N{CJK UNIFIED IDEOGRAPH-5B9E}) missing from current font.
  ax.legend(fontsize=8); ax.grid(alpha=0.3); fig.tight_layout()
D:\python_project\ µ—È∞Ê5\FDEdge-main\gmorl_sla_fd\eval_frac.py:303: UserWarning: Glyph 24515 (\N{CJK UNIFIED IDEOGRAPH-5FC3}) missing from current font.
  ax.legend(fontsize=8); ax.grid(alpha=0.3); fig.tight_layout()
D:\python_project\ µ—È∞Ê5\FDEdge-main\gmorl_sla_fd\eval_frac.py:303: UserWarning: Glyph 21487 (\N{CJK UNIFIED IDEOGRAPH-53EF}) missing from current font.
  ax.legend(fontsize=8); ax.grid(alpha=0.3); fig.tight_layout()
D:\python_project\ µ—È∞Ê5\FDEdge-main\gmorl_sla_fd\eval_frac.py:303: UserWarning: Glyph 34892 (\N{CJK UNIFIED IDEOGRAPH-884C}) missing from current font.
  ax.legend(fontsize=8); ax.grid(alpha=0.3); fig.tight_layout()
D:\python_project\ µ—È∞Ê5\FDEdge-main\gmorl_sla_fd\eval_frac.py:303: UserWarning: Glyph 37325 (\N{CJK UNIFIED IDEOGRAPH-91CD}) missing from current font.
  ax.legend(fontsize=8); ax.grid(alpha=0.3); fig.tight_layout()
D:\python_project\ µ—È∞Ê5\FDEdge-main\gmorl_sla_fd\eval_frac.py:303: UserWarning: Glyph 28857 (\N{CJK UNIFIED IDEOGRAPH-70B9}) missing from current font.
  ax.legend(fontsize=8); ax.grid(alpha=0.3); fig.tight_layout()
D:\python_project\ µ—È∞Ê5\FDEdge-main\gmorl_sla_fd\eval_frac.py:303: UserWarning: Glyph 30475 (\N{CJK UNIFIED IDEOGRAPH-770B}) missing from current font.
  ax.legend(fontsize=8); ax.grid(alpha=0.3); fig.tight_layout()
D:\python_project\ µ—È∞Ê5\FDEdge-main\gmorl_sla_fd\eval_frac.py:303: UserWarning: Glyph 20302 (\N{CJK UNIFIED IDEOGRAPH-4F4E}) missing from current font.
  ax.legend(fontsize=8); ax.grid(alpha=0.3); fig.tight_layout()
D:\python_project\ µ—È∞Ê5\FDEdge-main\gmorl_sla_fd\eval_frac.py:303: UserWarning: Glyph 33021 (\N{CJK UNIFIED IDEOGRAPH-80FD}) missing from current font.
  ax.legend(fontsize=8); ax.grid(alpha=0.3); fig.tight_layout()
D:\python_project\ µ—È∞Ê5\FDEdge-main\gmorl_sla_fd\eval_frac.py:303: UserWarning: Glyph 32791 (\N{CJK UNIFIED IDEOGRAPH-8017}) missing from current font.
  ax.legend(fontsize=8); ax.grid(alpha=0.3); fig.tight_layout()
D:\python_project\ µ—È∞Ê5\FDEdge-main\gmorl_sla_fd\eval_frac.py:303: UserWarning: Glyph 35282 (\N{CJK UNIFIED IDEOGRAPH-89D2}) missing from current font.
  ax.legend(fontsize=8); ax.grid(alpha=0.3); fig.tight_layout()
D:\python_project\ µ—È∞Ê5\FDEdge-main\gmorl_sla_fd\eval_frac.py:303: UserWarning: Glyph 21491 (\N{CJK UNIFIED IDEOGRAPH-53F3}) missing from current font.
  ax.legend(fontsize=8); ax.grid(alpha=0.3); fig.tight_layout()
D:\python_project\ µ—È∞Ê5\FDEdge-main\gmorl_sla_fd\eval_frac.py:303: UserWarning: Glyph 19979 (\N{CJK UNIFIED IDEOGRAPH-4E0B}) missing from current font.
  ax.legend(fontsize=8); ax.grid(alpha=0.3); fig.tight_layout()
D:\python_project\ µ—È∞Ê5\FDEdge-main\gmorl_sla_fd\eval_frac.py:303: UserWarning: Glyph 35841 (\N{CJK UNIFIED IDEOGRAPH-8C01}) missing from current font.
  ax.legend(fontsize=8); ax.grid(alpha=0.3); fig.tight_layout()
D:\python_project\ µ—È∞Ê5\FDEdge-main\gmorl_sla_fd\eval_frac.py:303: UserWarning: Glyph 25903 (\N{CJK UNIFIED IDEOGRAPH-652F}) missing from current font.
  ax.legend(fontsize=8); ax.grid(alpha=0.3); fig.tight_layout()
D:\python_project\ µ—È∞Ê5\FDEdge-main\gmorl_sla_fd\eval_frac.py:303: UserWarning: Glyph 37197 (\N{CJK UNIFIED IDEOGRAPH-914D}) missing from current font.
  ax.legend(fontsize=8); ax.grid(alpha=0.3); fig.tight_layout()
D:\python_project\ µ—È∞Ê5\FDEdge-main\gmorl_sla_fd\eval_frac.py:306: UserWarning: Glyph 36830 (\N{CJK UNIFIED IDEOGRAPH-8FDE}) missing from current font.
  fig.savefig(png, dpi=130)
D:\python_project\ µ—È∞Ê5\FDEdge-main\gmorl_sla_fd\eval_frac.py:306: UserWarning: Glyph 32493 (\N{CJK UNIFIED IDEOGRAPH-7EED}) missing from current font.
  fig.savefig(png, dpi=130)
D:\python_project\ µ—È∞Ê5\FDEdge-main\gmorl_sla_fd\eval_frac.py:306: UserWarning: Glyph 20998 (\N{CJK UNIFIED IDEOGRAPH-5206}) missing from current font.
  fig.savefig(png, dpi=130)
D:\python_project\ µ—È∞Ê5\FDEdge-main\gmorl_sla_fd\eval_frac.py:306: UserWarning: Glyph 25968 (\N{CJK UNIFIED IDEOGRAPH-6570}) missing from current font.
  fig.savefig(png, dpi=130)
D:\python_project\ µ—È∞Ê5\FDEdge-main\gmorl_sla_fd\eval_frac.py:306: UserWarning: Glyph 21368 (\N{CJK UNIFIED IDEOGRAPH-5378}) missing from current font.
  fig.savefig(png, dpi=130)
D:\python_project\ µ—È∞Ê5\FDEdge-main\gmorl_sla_fd\eval_frac.py:306: UserWarning: Glyph 36733 (\N{CJK UNIFIED IDEOGRAPH-8F7D}) missing from current font.
  fig.savefig(png, dpi=130)
D:\python_project\ µ—È∞Ê5\FDEdge-main\gmorl_sla_fd\eval_frac.py:306: UserWarning: Glyph 25193 (\N{CJK UNIFIED IDEOGRAPH-6269}) missing from current font.
  fig.savefig(png, dpi=130)
D:\python_project\ µ—È∞Ê5\FDEdge-main\gmorl_sla_fd\eval_frac.py:306: UserWarning: Glyph 25955 (\N{CJK UNIFIED IDEOGRAPH-6563}) missing from current font.
  fig.savefig(png, dpi=130)
D:\python_project\ µ—È∞Ê5\FDEdge-main\gmorl_sla_fd\eval_frac.py:306: UserWarning: Glyph 39640 (\N{CJK UNIFIED IDEOGRAPH-9AD8}) missing from current font.
  fig.savefig(png, dpi=130)
D:\python_project\ µ—È∞Ê5\FDEdge-main\gmorl_sla_fd\eval_frac.py:306: UserWarning: Glyph 26031 (\N{CJK UNIFIED IDEOGRAPH-65AF}) missing from current font.
  fig.savefig(png, dpi=130)
D:\python_project\ µ—È∞Ê5\FDEdge-main\gmorl_sla_fd\eval_frac.py:306: UserWarning: Glyph 23454 (\N{CJK UNIFIED IDEOGRAPH-5B9E}) missing from current font.
  fig.savefig(png, dpi=130)
D:\python_project\ µ—È∞Ê5\FDEdge-main\gmorl_sla_fd\eval_frac.py:306: UserWarning: Glyph 24515 (\N{CJK UNIFIED IDEOGRAPH-5FC3}) missing from current font.
  fig.savefig(png, dpi=130)
D:\python_project\ µ—È∞Ê5\FDEdge-main\gmorl_sla_fd\eval_frac.py:306: UserWarning: Glyph 21487 (\N{CJK UNIFIED IDEOGRAPH-53EF}) missing from current font.
  fig.savefig(png, dpi=130)
D:\python_project\ µ—È∞Ê5\FDEdge-main\gmorl_sla_fd\eval_frac.py:306: UserWarning: Glyph 34892 (\N{CJK UNIFIED IDEOGRAPH-884C}) missing from current font.
  fig.savefig(png, dpi=130)
D:\python_project\ µ—È∞Ê5\FDEdge-main\gmorl_sla_fd\eval_frac.py:306: UserWarning: Glyph 37325 (\N{CJK UNIFIED IDEOGRAPH-91CD}) missing from current font.
  fig.savefig(png, dpi=130)
D:\python_project\ µ—È∞Ê5\FDEdge-main\gmorl_sla_fd\eval_frac.py:306: UserWarning: Glyph 28857 (\N{CJK UNIFIED IDEOGRAPH-70B9}) missing from current font.
  fig.savefig(png, dpi=130)
D:\python_project\ µ—È∞Ê5\FDEdge-main\gmorl_sla_fd\eval_frac.py:306: UserWarning: Glyph 30475 (\N{CJK UNIFIED IDEOGRAPH-770B}) missing from current font.
  fig.savefig(png, dpi=130)
D:\python_project\ µ—È∞Ê5\FDEdge-main\gmorl_sla_fd\eval_frac.py:306: UserWarning: Glyph 20302 (\N{CJK UNIFIED IDEOGRAPH-4F4E}) missing from current font.
  fig.savefig(png, dpi=130)
D:\python_project\ µ—È∞Ê5\FDEdge-main\gmorl_sla_fd\eval_frac.py:306: UserWarning: Glyph 33021 (\N{CJK UNIFIED IDEOGRAPH-80FD}) missing from current font.
  fig.savefig(png, dpi=130)
D:\python_project\ µ—È∞Ê5\FDEdge-main\gmorl_sla_fd\eval_frac.py:306: UserWarning: Glyph 32791 (\N{CJK UNIFIED IDEOGRAPH-8017}) missing from current font.
  fig.savefig(png, dpi=130)
D:\python_project\ µ—È∞Ê5\FDEdge-main\gmorl_sla_fd\eval_frac.py:306: UserWarning: Glyph 35282 (\N{CJK UNIFIED IDEOGRAPH-89D2}) missing from current font.
  fig.savefig(png, dpi=130)
D:\python_project\ µ—È∞Ê5\FDEdge-main\gmorl_sla_fd\eval_frac.py:306: UserWarning: Glyph 21491 (\N{CJK UNIFIED IDEOGRAPH-53F3}) missing from current font.
  fig.savefig(png, dpi=130)
D:\python_project\ µ—È∞Ê5\FDEdge-main\gmorl_sla_fd\eval_frac.py:306: UserWarning: Glyph 19979 (\N{CJK UNIFIED IDEOGRAPH-4E0B}) missing from current font.
  fig.savefig(png, dpi=130)
D:\python_project\ µ—È∞Ê5\FDEdge-main\gmorl_sla_fd\eval_frac.py:306: UserWarning: Glyph 35841 (\N{CJK UNIFIED IDEOGRAPH-8C01}) missing from current font.
  fig.savefig(png, dpi=130)
D:\python_project\ µ—È∞Ê5\FDEdge-main\gmorl_sla_fd\eval_frac.py:306: UserWarning: Glyph 25903 (\N{CJK UNIFIED IDEOGRAPH-652F}) missing from current font.
  fig.savefig(png, dpi=130)
D:\python_project\ µ—È∞Ê5\FDEdge-main\gmorl_sla_fd\eval_frac.py:306: UserWarning: Glyph 37197 (\N{CJK UNIFIED IDEOGRAPH-914D}) missing from current font.
  fig.savefig(png, dpi=130)

=== baselines ===
  uniform  delay= 5.17 energy=0.8705 viol=0.007 p95= 7.46
  random   delay=10.76 energy=0.9199 viol=0.367 p95=19.63

=== HV (ÂÖ¨ÂÖ± ref delay=96.25 energy=0.9659) ===
method           HV   feasHV min_delay   #feas
dyn_diff_s3   28.986   24.057      7.60       3
dyn_gaussA05_s3    0.791    0.000     91.67       0
[saved] frac_eval_points.csv / frac_eval_summary.csv / frac_eval_meta.json (in result2/frac\cmp)

[warn] Âõæ‰øùÂ≠òÂ§±Ë¥• ([Errno 22] Invalid argument: 'result2/frac\\cmp\\frac_pareto.png') ‚Äî Â§öÂçäÊòØËØ• PNG Ê≠£Ë¢´ÂõæÁâáÊü•ÁúãÂô®Âç†Áî®„ÄÇÂéüÂßãÊï∞ÊçÆ CSV/JSON Â∑≤‰øùÂ≠ò, ‰∏çÂΩ±ÂìçÁªìÊûú; ÂÖ≥ÊéâÊü•ÁúãÂô®ÈáçË∑ëÊàñÊâãÂä®ÈáçÁªòÂç≥ÂèØ„ÄÇ
