dev=cuda actor=diffusion seq deadline=11.0 dt=6.0 γ=0.90 warmstart=无
[warm] 用当前(热启动)策略灌 buffer 30 ep...
  buffer=900
ep000 | delay=12.88 energy=0.1777 viol=0.600 p95=21.25 | c_loss=7.238 q=-1.300 div=0.1004 α=0.274
ep020 | delay= 5.07 energy=0.1649 viol=0.000 p95= 6.73 | c_loss=0.357 q=-8.546 div=0.0326 α=0.412
ep040 | delay= 5.52 energy=0.1670 viol=0.000 p95= 6.59 | c_loss=0.612 q=-11.687 div=0.0521 α=6.733
ep060 | delay= 6.27 energy=0.1556 viol=0.000 p95= 8.96 | c_loss=0.894 q=-13.697 div=0.0534 α=4.717
ep080 | delay= 6.63 energy=0.1633 viol=0.000 p95= 8.62 | c_loss=1.071 q=-15.035 div=0.0531 α=3.351
ep100 | delay= 7.12 energy=0.1485 viol=0.000 p95= 8.65 | c_loss=1.349 q=-15.807 div=0.0520 α=2.886
ep120 | delay= 6.60 energy=0.1411 viol=0.000 p95= 8.28 | c_loss=1.236 q=-16.882 div=0.0490 α=2.457
ep140 | delay= 6.40 energy=0.1526 viol=0.000 p95= 7.95 | c_loss=1.385 q=-17.193 div=0.0536 α=2.566
ep160 | delay= 7.14 energy=0.1447 viol=0.000 p95= 9.49 | c_loss=1.264 q=-17.792 div=0.0478 α=2.234
ep180 | delay= 8.18 energy=0.1456 viol=0.000 p95= 9.66 | c_loss=1.074 q=-18.263 div=0.0500 α=2.133
ep200 | delay= 6.24 energy=0.1540 viol=0.000 p95= 7.72 | c_loss=1.258 q=-18.263 div=0.0510 α=2.010
ep220 | delay= 7.44 energy=0.1449 viol=0.000 p95= 9.23 | c_loss=1.177 q=-18.812 div=0.0497 α=2.251
ep240 | delay= 6.93 energy=0.1455 viol=0.000 p95= 8.87 | c_loss=1.211 q=-18.500 div=0.0535 α=2.207
ep260 | delay= 8.75 energy=0.1482 viol=0.167 p95=12.64 | c_loss=1.046 q=-18.606 div=0.0488 α=2.251
ep280 | delay= 8.19 energy=0.1446 viol=0.033 p95=10.11 | c_loss=1.361 q=-18.745 div=0.0496 α=1.970
ep299 | delay= 6.66 energy=0.1541 viol=0.000 p95= 7.58 | c_loss=1.106 q=-18.524 div=0.0491 α=1.746
[saved] result2/frac\seq_het_sacfilm
