[16:40:04] === fair-gauss seed 0 (α=0.05) vs dyn_diff ===
[16:40:04] >>> dyn_gaussA05_s0
[16:42:09] <<< dyn_gaussA05_s0 DONE
[16:42:09] >>> evalA05_s0
[16:43:50] <<< evalA05_s0 DONE
[16:43:50] === fair-gauss seed 1 (α=0.05) vs dyn_diff_s1 ===
[16:43:50] >>> dyn_gaussA05_s1
[16:46:44] <<< dyn_gaussA05_s1 DONE
[16:46:44] >>> evalA05_s1
[16:47:39] <<< evalA05_s1 DONE
[16:47:40] === fair-gauss seed 2 (α=0.05) vs dyn_diff_s2 ===
[16:47:40] >>> dyn_gaussA05_s2
[16:50:30] <<< dyn_gaussA05_s2 DONE
[16:50:30] >>> evalA05_s2
[16:52:43] <<< evalA05_s2 DONE
[16:52:44] === fair-gauss seed 3 (α=0.05) vs dyn_diff_s3 ===
[16:52:44] >>> dyn_gaussA05_s3
[16:55:48] <<< dyn_gaussA05_s3 DONE
[16:55:48] >>> evalA05_s3
[16:57:42] <<< evalA05_s3 DONE
[16:57:43] === FAIR-GAUSS DONE ===
