[2026-06-24 13:59:15] === START v2 retrain (direct iters=4000, seq eps=250, eval k=12) ===
[2026-06-24 13:59:16] >>> direct_diff : python train_frac_direct.py --actor diffusion --tag diff_v2 --iters 4000
[2026-06-24 14:01:06] <<< direct_diff DONE
[2026-06-24 14:01:06] >>> direct_gauss : python train_frac_direct.py --actor mlp --tag gauss_v2 --iters 4000
[2026-06-24 14:01:38] <<< direct_gauss DONE
[2026-06-24 14:01:38] >>> seq_diff_ws : python train_frac_seq.py --actor diffusion --tag seq_diff_v2 --warmstart diff_v2 --episodes 250
[2026-06-24 14:05:44] <<< seq_diff_ws DONE
[2026-06-24 14:05:45] >>> seq_gauss_ws : python train_frac_seq.py --actor mlp --tag seq_gauss_v2 --warmstart gauss_v2 --episodes 250
[2026-06-24 14:07:32] <<< seq_gauss_ws DONE
[2026-06-24 14:07:32] >>> eval_main : python eval_frac.py --tags seq_diff_v2,seq_gauss_v2 --actors diffusion,mlp --k 12
[2026-06-24 14:08:15] <<< eval_main DONE
[2026-06-24 14:08:16]     [eval 数据另存为 cmp/main_*]
[2026-06-24 14:08:16] >>> seq_diff_nows : python train_frac_seq.py --actor diffusion --tag seq_diff_nows --episodes 250
[2026-06-24 14:12:30] <<< seq_diff_nows DONE
[2026-06-24 14:12:31] >>> seq_gauss_nows : python train_frac_seq.py --actor mlp --tag seq_gauss_nows --episodes 250
[2026-06-24 14:14:30] <<< seq_gauss_nows DONE
[2026-06-24 14:14:31] >>> eval_abl_diff : python eval_frac.py --tags seq_diff_v2,seq_diff_nows --actors diffusion,diffusion --k 12
[2026-06-24 14:15:53] <<< eval_abl_diff DONE
[2026-06-24 14:15:54]     [eval 数据另存为 cmp/abl_diff_*]
[2026-06-24 14:15:54] >>> eval_abl_gauss : python eval_frac.py --tags seq_gauss_v2,seq_gauss_nows --actors mlp,mlp --k 12
[2026-06-24 14:16:18] <<< eval_abl_gauss DONE
[2026-06-24 14:16:18]     [eval 数据另存为 cmp/abl_gauss_*]
[2026-06-24 14:16:18] === ALL DONE ===
