device=cuda  tag=run12_diff8_anneal  episodes=300  start_mode=prior  sla=True
  deadline=20.0  admission=False margin=1.00  task_cap=20000000.0
  alpha 退火: 0.300 -> 0.050 (线性, 按 episode)
ep000 w=0.89 | delay= 15.17 energy= 0.076 viol=0.231 p95= 64.20 | alpha=nan H=nan c_loss=nan
ep010 w=0.23 | delay= 12.68 energy= 0.048 viol=0.169 p95= 67.60 | alpha=0.2916 H=0.163 c_loss=0.071
ep020 w=0.57 | delay=  8.46 energy= 0.046 viol=0.156 p95= 28.53 | alpha=0.2833 H=0.318 c_loss=0.118
ep030 w=0.13 | delay= 12.85 energy= 0.038 viol=0.206 p95= 31.83 | alpha=0.2749 H=0.460 c_loss=0.113
ep040 w=0.25 | delay= 12.69 energy= 0.050 viol=0.243 p95= 43.93 | alpha=0.2666 H=0.470 c_loss=0.083
ep050 w=0.81 | delay= 10.64 energy= 0.062 viol=0.198 p95= 28.86 | alpha=0.2582 H=0.517 c_loss=0.062
ep060 w=0.20 | delay= 10.29 energy= 0.035 viol=0.233 p95= 41.78 | alpha=0.2498 H=0.532 c_loss=0.053
ep070 w=0.48 | delay= 13.35 energy= 0.043 viol=0.197 p95= 42.45 | alpha=0.2415 H=0.533 c_loss=0.050
ep080 w=0.04 | delay=  9.16 energy= 0.032 viol=0.118 p95= 29.07 | alpha=0.2331 H=0.525 c_loss=0.041
ep090 w=0.67 | delay= 19.42 energy= 0.042 viol=0.318 p95= 59.76 | alpha=0.2247 H=0.525 c_loss=0.038
ep100 w=0.38 | delay= 11.27 energy= 0.043 viol=0.159 p95= 48.87 | alpha=0.2164 H=0.518 c_loss=0.038
ep110 w=0.94 | delay=  7.95 energy= 0.058 viol=0.128 p95= 25.97 | alpha=0.2080 H=0.507 c_loss=0.039
ep120 w=0.18 | delay= 10.92 energy= 0.033 viol=0.193 p95= 38.89 | alpha=0.1997 H=0.522 c_loss=0.039
ep130 w=0.11 | delay=  7.25 energy= 0.045 viol=0.063 p95= 20.08 | alpha=0.1913 H=0.534 c_loss=0.039
ep140 w=0.56 | delay=  6.66 energy= 0.053 viol=0.072 p95= 37.10 | alpha=0.1829 H=0.542 c_loss=0.039
ep150 w=0.37 | delay=  6.90 energy= 0.038 viol=0.062 p95= 26.36 | alpha=0.1746 H=0.541 c_loss=0.042
ep160 w=0.18 | delay= 12.93 energy= 0.058 viol=0.239 p95= 50.73 | alpha=0.1662 H=0.525 c_loss=0.043
ep170 w=0.11 | delay=  8.75 energy= 0.027 viol=0.125 p95= 28.24 | alpha=0.1579 H=0.542 c_loss=0.049
ep180 w=1.00 | delay=  9.84 energy= 0.073 viol=0.088 p95= 35.70 | alpha=0.1495 H=0.540 c_loss=0.046
ep190 w=1.00 | delay= 10.30 energy= 0.071 viol=0.174 p95= 33.58 | alpha=0.1411 H=0.535 c_loss=0.048
ep200 w=0.08 | delay= 13.18 energy= 0.037 viol=0.246 p95= 38.37 | alpha=0.1328 H=0.541 c_loss=0.052
ep210 w=0.90 | delay=  6.19 energy= 0.056 viol=0.000 p95= 16.71 | alpha=0.1244 H=0.551 c_loss=0.049
ep220 w=0.12 | delay= 15.35 energy= 0.040 viol=0.293 p95= 44.94 | alpha=0.1161 H=0.556 c_loss=0.045
ep230 w=0.14 | delay= 14.28 energy= 0.033 viol=0.286 p95= 46.10 | alpha=0.1077 H=0.550 c_loss=0.048
ep240 w=0.27 | delay= 11.70 energy= 0.045 viol=0.186 p95= 36.25 | alpha=0.0993 H=0.567 c_loss=0.048
ep250 w=0.96 | delay=  9.78 energy= 0.081 viol=0.118 p95= 22.26 | alpha=0.0910 H=0.549 c_loss=0.045
ep260 w=0.69 | delay= 10.82 energy= 0.069 viol=0.134 p95= 25.62 | alpha=0.0826 H=0.549 c_loss=0.045
ep270 w=0.71 | delay=  6.64 energy= 0.071 viol=0.078 p95= 22.60 | alpha=0.0742 H=0.545 c_loss=0.044
ep280 w=0.74 | delay=  7.80 energy= 0.069 viol=0.068 p95= 22.55 | alpha=0.0659 H=0.537 c_loss=0.043
ep290 w=0.23 | delay=  8.07 energy= 0.027 viol=0.121 p95= 52.93 | alpha=0.0575 H=0.520 c_loss=0.045
ep299 w=0.83 | delay=  8.78 energy= 0.070 viol=0.090 p95= 20.58 | alpha=0.0500 H=0.504 c_loss=0.047

[saved] result2\run12_diff8_anneal  (actor/critic/meta/train_log)
